Archive member included to satisfy reference by file (symbol)

C:/ST/STM32CubeIDE_1.13.1/STM32CubeIDE/plugins/com.st.stm32cube.ide.mcu.externaltools.gnu-tools-for-stm32.11.3.rel1.win32_1.1.0.202305231506/tools/bin/../lib/gcc/arm-none-eabi/11.3.1/../../../../arm-none-eabi/lib/thumb/v7-m/nofp\libc_nano.a(libc_a-exit.o)
                              C:/ST/STM32CubeIDE_1.13.1/STM32CubeIDE/plugins/com.st.stm32cube.ide.mcu.externaltools.gnu-tools-for-stm32.11.3.rel1.win32_1.1.0.202305231506/tools/bin/../lib/gcc/arm-none-eabi/11.3.1/../../../../arm-none-eabi/lib/thumb/v7-m/nofp/crt0.o (exit)
C:/ST/STM32CubeIDE_1.13.1/STM32CubeIDE/plugins/com.st.stm32cube.ide.mcu.externaltools.gnu-tools-for-stm32.11.3.rel1.win32_1.1.0.202305231506/tools/bin/../lib/gcc/arm-none-eabi/11.3.1/../../../../arm-none-eabi/lib/thumb/v7-m/nofp\libc_nano.a(libc_a-findfp.o)
                              C:/ST/STM32CubeIDE_1.13.1/STM32CubeIDE/plugins/com.st.stm32cube.ide.mcu.externaltools.gnu-tools-for-stm32.11.3.rel1.win32_1.1.0.202305231506/tools/bin/../lib/gcc/arm-none-eabi/11.3.1/../../../../arm-none-eabi/lib/thumb/v7-m/nofp\libc_nano.a(libc_a-exit.o) (__stdio_exit_handler)
C:/ST/STM32CubeIDE_1.13.1/STM32CubeIDE/plugins/com.st.stm32cube.ide.mcu.externaltools.gnu-tools-for-stm32.11.3.rel1.win32_1.1.0.202305231506/tools/bin/../lib/gcc/arm-none-eabi/11.3.1/../../../../arm-none-eabi/lib/thumb/v7-m/nofp\libc_nano.a(libc_a-fwalk.o)
                              C:/ST/STM32CubeIDE_1.13.1/STM32CubeIDE/plugins/com.st.stm32cube.ide.mcu.externaltools.gnu-tools-for-stm32.11.3.rel1.win32_1.1.0.202305231506/tools/bin/../lib/gcc/arm-none-eabi/11.3.1/../../../../arm-none-eabi/lib/thumb/v7-m/nofp\libc_nano.a(libc_a-findfp.o) (_fwalk_sglue)
C:/ST/STM32CubeIDE_1.13.1/STM32CubeIDE/plugins/com.st.stm32cube.ide.mcu.externaltools.gnu-tools-for-stm32.11.3.rel1.win32_1.1.0.202305231506/tools/bin/../lib/gcc/arm-none-eabi/11.3.1/../../../../arm-none-eabi/lib/thumb/v7-m/nofp\libc_nano.a(libc_a-stdio.o)
                              C:/ST/STM32CubeIDE_1.13.1/STM32CubeIDE/plugins/com.st.stm32cube.ide.mcu.externaltools.gnu-tools-for-stm32.11.3.rel1.win32_1.1.0.202305231506/tools/bin/../lib/gcc/arm-none-eabi/11.3.1/../../../../arm-none-eabi/lib/thumb/v7-m/nofp\libc_nano.a(libc_a-findfp.o) (__sread)
C:/ST/STM32CubeIDE_1.13.1/STM32CubeIDE/plugins/com.st.stm32cube.ide.mcu.externaltools.gnu-tools-for-stm32.11.3.rel1.win32_1.1.0.202305231506/tools/bin/../lib/gcc/arm-none-eabi/11.3.1/../../../../arm-none-eabi/lib/thumb/v7-m/nofp\libc_nano.a(libc_a-memset.o)
                              C:/ST/STM32CubeIDE_1.13.1/STM32CubeIDE/plugins/com.st.stm32cube.ide.mcu.externaltools.gnu-tools-for-stm32.11.3.rel1.win32_1.1.0.202305231506/tools/bin/../lib/gcc/arm-none-eabi/11.3.1/../../../../arm-none-eabi/lib/thumb/v7-m/nofp/crt0.o (memset)
C:/ST/STM32CubeIDE_1.13.1/STM32CubeIDE/plugins/com.st.stm32cube.ide.mcu.externaltools.gnu-tools-for-stm32.11.3.rel1.win32_1.1.0.202305231506/tools/bin/../lib/gcc/arm-none-eabi/11.3.1/../../../../arm-none-eabi/lib/thumb/v7-m/nofp\libc_nano.a(libc_a-closer.o)
                              C:/ST/STM32CubeIDE_1.13.1/STM32CubeIDE/plugins/com.st.stm32cube.ide.mcu.externaltools.gnu-tools-for-stm32.11.3.rel1.win32_1.1.0.202305231506/tools/bin/../lib/gcc/arm-none-eabi/11.3.1/../../../../arm-none-eabi/lib/thumb/v7-m/nofp\libc_nano.a(libc_a-stdio.o) (_close_r)
C:/ST/STM32CubeIDE_1.13.1/STM32CubeIDE/plugins/com.st.stm32cube.ide.mcu.externaltools.gnu-tools-for-stm32.11.3.rel1.win32_1.1.0.202305231506/tools/bin/../lib/gcc/arm-none-eabi/11.3.1/../../../../arm-none-eabi/lib/thumb/v7-m/nofp\libc_nano.a(libc_a-reent.o)
                              C:/ST/STM32CubeIDE_1.13.1/STM32CubeIDE/plugins/com.st.stm32cube.ide.mcu.externaltools.gnu-tools-for-stm32.11.3.rel1.win32_1.1.0.202305231506/tools/bin/../lib/gcc/arm-none-eabi/11.3.1/../../../../arm-none-eabi/lib/thumb/v7-m/nofp\libc_nano.a(libc_a-closer.o) (errno)
C:/ST/STM32CubeIDE_1.13.1/STM32CubeIDE/plugins/com.st.stm32cube.ide.mcu.externaltools.gnu-tools-for-stm32.11.3.rel1.win32_1.1.0.202305231506/tools/bin/../lib/gcc/arm-none-eabi/11.3.1/../../../../arm-none-eabi/lib/thumb/v7-m/nofp\libc_nano.a(libc_a-impure.o)
                              C:/ST/STM32CubeIDE_1.13.1/STM32CubeIDE/plugins/com.st.stm32cube.ide.mcu.externaltools.gnu-tools-for-stm32.11.3.rel1.win32_1.1.0.202305231506/tools/bin/../lib/gcc/arm-none-eabi/11.3.1/../../../../arm-none-eabi/lib/thumb/v7-m/nofp\libc_nano.a(libc_a-reent.o) (_impure_ptr)
C:/ST/STM32CubeIDE_1.13.1/STM32CubeIDE/plugins/com.st.stm32cube.ide.mcu.externaltools.gnu-tools-for-stm32.11.3.rel1.win32_1.1.0.202305231506/tools/bin/../lib/gcc/arm-none-eabi/11.3.1/../../../../arm-none-eabi/lib/thumb/v7-m/nofp\libc_nano.a(libc_a-lseekr.o)
[...]
Memory Configuration

Name             Origin             Length             Attributes
RAM              0x0000000020000000 0x0000000000005000 xrw
FLASH            0x0000000008000000 0x0000000000005800 xr
*default*        0x0000000000000000 0xffffffffffffffff

Linker script and memory map

LOAD C:/ST/STM32CubeIDE_1.13.1/STM32CubeIDE/plugins/com.st.stm32cube.ide.mcu.externaltools.gnu-tools-for-stm32.11.3.rel1.win32_1.1.0.202305231506/tools/bin/../lib/gcc/arm-none-eabi/11.3.1/thumb/v7-m/nofp/crti.o
LOAD C:/ST/STM32CubeIDE_1.13.1/STM32CubeIDE/plugins/com.st.stm32cube.ide.mcu.externaltools.gnu-tools-for-stm32.11.3.rel1.win32_1.1.0.202305231506/tools/bin/../lib/gcc/arm-none-eabi/11.3.1/thumb/v7-m/nofp/crtbegin.o
LOAD C:/ST/STM32CubeIDE_1.13.1/STM32CubeIDE/plugins/com.st.stm32cube.ide.mcu.externaltools.gnu-tools-for-stm32.11.3.rel1.win32_1.1.0.202305231506/tools/bin/../lib/gcc/arm-none-eabi/11.3.1/../../../../arm-none-eabi/lib/thumb/v7-m/nofp/crt0.o
LOAD ./Core/Src/BL_Program.o
LOAD ./Core/Src/Can_Interface.o
LOAD ./Core/Src/aes.o
LOAD ./Core/Src/main.o
LOAD ./Core/Src/stm32f1xx_hal_msp.o
LOAD ./Core/Src/stm32f1xx_it.o
LOAD ./Core/Src/syscalls.o
LOAD ./Core/Src/sysmem.o
LOAD ./Core/Src/system_stm32f1xx.o
LOAD ./Core/Startup/startup_stm32f103c8tx.o
LOAD ./Drivers/STM32F1xx_HAL_Driver/Src/stm32f1xx_hal.o
LOAD ./Drivers/STM32F1xx_HAL_Driver/Src/stm32f1xx_hal_can.o
LOAD ./Drivers/STM32F1xx_HAL_Driver/Src/stm32f1xx_hal_cortex.o
LOAD ./Drivers/STM32F1xx_HAL_Driver/Src/stm32f1xx_hal_crc.o
LOAD ./Drivers/STM32F1xx_HAL_Driver/Src/stm32f1xx_hal_dma.o
LOAD ./Drivers/STM32F1xx_HAL_Driver/Src/stm32f1xx_hal_exti.o
LOAD ./Drivers/STM32F1xx_HAL_Driver/Src/stm32f1xx_hal_flash.o
LOAD ./Drivers/STM32F1xx_HAL_Driver/Src/stm32f1xx_hal_flash_ex.o
LOAD ./Drivers/STM32F1xx_HAL_Driver/Src/stm32f1xx_hal_gpio.o
LOAD ./Drivers/STM32F1xx_HAL_Driver/Src/stm32f1xx_hal_gpio_ex.o
LOAD ./Drivers/STM32F1xx_HAL_Driver/Src/stm32f1xx_hal_iwdg.o
LOAD ./Drivers/STM32F1xx_HAL_Driver/Src/stm32f1xx_hal_pwr.o
LOAD ./Drivers/STM32F1xx_HAL_Driver/Src/stm32f1xx_hal_rcc.o
LOAD ./Drivers/STM32F1xx_HAL_Driver/Src/stm32f1xx_hal_rcc_ex.o
START GROUP
LOAD C:/ST/STM32CubeIDE_1.13.1/STM32CubeIDE/plugins/com.st.stm32cube.ide.mcu.externaltools.gnu-tools-for-stm32.11.3.rel1.win32_1.1.0.202305231506/tools/bin/../lib/gcc/arm-none-eabi/11.3.1/../../../../arm-none-eabi/lib/thumb/v7-m/nofp\libc_nano.a
LOAD C:/ST/STM32CubeIDE_1.13.1/STM32CubeIDE/plugins/com.st.stm32cube.ide.mcu.externaltools.gnu-tools-for-stm32.11.3.rel1.win32_1.1.0.202305231506/tools/bin/../lib/gcc/arm-none-eabi/11.3.1/../../../../arm-none-eabi/lib/thumb/v7-m/nofp\libm.a
END GROUP
START GROUP
LOAD C:/ST/STM32CubeIDE_1.13.1/STM32CubeIDE/plugins/com.st.stm32cube.ide.mcu.externaltools.gnu-tools-for-stm32.11.3.rel1.win32_1.1.0.202305231506/tools/bin/../lib/gcc/arm-none-eabi/11.3.1/thumb/v7-m/nofp\libgcc.a
LOAD C:/ST/STM32CubeIDE_1.13.1/STM32CubeIDE/plugins/com.st.stm32cube.ide.mcu.externaltools.gnu-tools-for-stm32.11.3.rel1.win32_1.1.0.202305231506/tools/bin/../lib/gcc/arm-none-eabi/11.3.1/../../../../arm-none-eabi/lib/thumb/v7-m/nofp\libc_nano.a
END GROUP
START GROUP
LOAD C:/ST/STM32CubeIDE_1.13.1/STM32CubeIDE/plugins/com.st.stm32cube.ide.mcu.externaltools.gnu-tools-for-stm32.11.3.rel1.win32_1.1.0.202305231506/tools/bin/../lib/gcc/arm-none-eabi/11.3.1/thumb/v7-m/nofp\libgcc.a
LOAD C:/ST/STM32CubeIDE_1.13.1/STM32CubeIDE/plugins/com.st.stm32cube.ide.mcu.externaltools.gnu-tools-for-stm32.11.3.rel1.win32_1.1.0.202305231506/tools/bin/../lib/gcc/arm-none-eabi/11.3.1/../../../../arm-none-eabi/lib/thumb/v7-m/nofp\libc_nano.a
LOAD C:/ST/STM32CubeIDE_1.13.1/STM32CubeIDE/plugins/com.st.stm32cube.ide.mcu.externaltools.gnu-tools-for-stm32.11.3.rel1.win32_1.1.0.202305231506/tools/bin/../lib/gcc/arm-none-eabi/11.3.1/../../../../arm-none-eabi/lib/thumb/v7-m/nofp\libnosys.a
END GROUP
START GROUP
LOAD C:/ST/STM32CubeIDE_1.13.1/STM32CubeIDE/plugins/com.st.stm32cube.ide.mcu.externaltools.gnu-tools-for-stm32.11.3.rel1.win32_1.1.0.202305231506/tools/bin/../lib/gcc/arm-none-eabi/11.3.1/thumb/v7-m/nofp\libgcc.a
LOAD C:/ST/STM32CubeIDE_1.13.1/STM32CubeIDE/plugins/com.st.stm32cube.ide.mcu.externaltools.gnu-tools-for-stm32.11.3.rel1.win32_1.1.0.202305231506/tools/bin/../lib/gcc/arm-none-eabi/11.3.1/../../../../arm-none-eabi/lib/thumb/v7-m/nofp\libc_nano.a
LOAD C:/ST/STM32CubeIDE_1.13.1/STM32CubeIDE/plugins/com.st.stm32cube.ide.mcu.externaltools.gnu-tools-for-stm32.11.3.rel1.win32_1.1.0.202305231506/tools/bin/../lib/gcc/arm-none-eabi/11.3.1/../../../../arm-none-eabi/lib/thumb/v7-m/nofp\libnosys.a
END GROUP
LOAD C:/ST/STM32CubeIDE_1.13.1/STM32CubeIDE/plugins/com.st.stm32cube.ide.mcu.externaltools.gnu-tools-for-stm32.11.3.rel1.win32_1.1.0.202305231506/tools/bin/../lib/gcc/arm-none-eabi/11.3.1/thumb/v7-m/nofp/crtend.o
LOAD C:/ST/STM32CubeIDE_1.13.1/STM32CubeIDE/plugins/com.st.stm32cube.ide.mcu.externaltools.gnu-tools-for-stm32.11.3.rel1.win32_1.1.0.202305231506/tools/bin/../lib/gcc/arm-none-eabi/11.3.1/thumb/v7-m/nofp/crtn.o
                0x0000000020005000                _estack = (ORIGIN (RAM) + LENGTH (RAM))
                0x0000000000000200                _Min_Heap_Size = 0x200
                0x0000000000000400                _Min_Stack_Size = 0x400

.isr_vector     0x0000000008000000      0x10c
                0x0000000008000000                . = ALIGN (0x4)
 *(.isr_vector)
 .isr_vector    0x0000000008000000      0x10c ./Core/Startup/startup_stm32f103c8tx.o
                0x0000000008000000                g_pfnVectors
                0x000000000800010c                . = ALIGN (0x4)

.text           0x000000000800010c     0x3a14
                0x000000000800010c                . = ALIGN (0x4)
 *(.text)
 .text          0x000000000800010c       0x40 C:/ST/STM32CubeIDE_1.13.1/STM32CubeIDE/plugins/com.st.stm32cube.ide.mcu.externaltools.gnu-tools-for-stm32.11.3.rel1.win32_1.1.0.202305231506/tools/bin/../lib/gcc/arm-none-eabi/11.3.1/thumb/v7-m/nofp/crtbegin.o
 *(.text*)
 .text.BL_u32ReadAddressData
                0x000000000800014c       0x1a ./Core/Src/BL_Program.o
 *fill*         0x0000000008000166        0x2 
 .text.BL_voidBootLoader_Init
                0x0000000008000168       0x34 ./Core/Src/BL_Program.o
                0x0000000008000168                BL_voidBootLoader_Init
 .text.BL_voidCheckActiveRegion
                0x000000000800019c       0xb8 ./Core/Src/BL_Program.o
                0x000000000800019c                BL_voidCheckActiveRegion
 .text.BL_32CheckBackupRegion
                0x0000000008000254       0x74 ./Core/Src/BL_Program.o
                0x0000000008000254                BL_32CheckBackupRegion
 .text.BL_voidJumpToActiveRegion
                0x00000000080002c8       0x54 ./Core/Src/BL_Program.o
                0x00000000080002c8                BL_voidJumpToActiveRegion
 .text.BL_voidJumpToBootloader
                0x000000000800031c       0x10 ./Core/Src/BL_Program.o
                0x000000000800031c                BL_voidJumpToBootloader
 .text.BL_voidCopyImageToActiveRegion
                0x000000000800032c       0xf8 ./Core/Src/BL_Program.o
                0x000000000800032c                BL_voidCopyImageToActiveRegion
 .text.BL_voidCopyImageToBackupRegion
                0x0000000008000424       0xf8 ./Core/Src/BL_Program.o
                0x0000000008000424                BL_voidCopyImageToBackupRegion
 .text.BL_voidEraseRestoreHeaderPage
                0x000000000800051c      0x12c ./Core/Src/BL_Program.o
                0x000000000800051c                BL_voidEraseRestoreHeaderPage
 .text.BL_voidSetBranchingFlagAndMakeSWR
                0x0000000008000648       0x18 ./Core/Src/BL_Program.o
                0x0000000008000648                BL_voidSetBranchingFlagAndMakeSWR
 .text.BL_voidUpdateHeaders
                0x0000000008000660       0xc0 ./Core/Src/BL_Program.o
                0x0000000008000660                BL_voidUpdateHeaders
 .text.BL_voidReceiveUpdate
                0x0000000008000720      0x7b4 ./Core/Src/BL_Program.o
                0x0000000008000720                BL_voidReceiveUpdate
 .text.BL_voidFinishBootLoader
                0x0000000008000ed4       0x30 ./Core/Src/BL_Program.o
                0x0000000008000ed4                BL_voidFinishBootLoader
 .text.BL_voidMakeSoftWareReset
                0x0000000008000f04       0x34 ./Core/Src/BL_Program.o
                0x0000000008000f04                BL_voidMakeSoftWareReset
 .text.CAN_IF_Transmit_UDS_Request
                0x0000000008000f38       0x70 ./Core/Src/Can_Interface.o
                0x0000000008000f38                CAN_IF_Transmit_UDS_Request
 .text.CAN_IF_Receive_UDS_Respond
                0x0000000008000fa8       0x44 ./Core/Src/Can_Interface.o
                0x0000000008000fa8                CAN_IF_Receive_UDS_Respond
 .text.CAN_IF_Receive_Data_Frame
                0x0000000008000fec       0x60 ./Core/Src/Can_Interface.o
                0x0000000008000fec                CAN_IF_Receive_Data_Frame
 .text.CAN_IF_Receive_Data_Buffer
                0x000000000800104c       0x88 ./Core/Src/Can_Interface.o
                0x000000000800104c                CAN_IF_Receive_Data_Buffer
 .text.KeyExpansion
                0x00000000080010d4      0x1a0 ./Core/Src/aes.o
 .text.AES_init_ctx_iv
                0x0000000008001274       0x2c ./Core/Src/aes.o
                0x0000000008001274                AES_init_ctx_iv
 .text.AddRoundKey
                0x00000000080012a0       0x76 ./Core/Src/aes.o
 .text.xtime    0x0000000008001316       0x3a ./Core/Src/aes.o
 .text.InvMixColumns
                0x0000000008001350      0x698 ./Core/Src/aes.o
 .text.InvSubBytes
                0x00000000080019e8       0x60 ./Core/Src/aes.o
 .text.InvShiftRows
                0x0000000008001a48       0x82 ./Core/Src/aes.o
 .text.InvCipher
                0x0000000008001aca       0x52 ./Core/Src/aes.o
 .text.XorWithIv
                0x0000000008001b1c       0x44 ./Core/Src/aes.o
 .text.AES_CBC_decrypt_buffer
                0x0000000008001b60       0x6a ./Core/Src/aes.o
                0x0000000008001b60                AES_CBC_decrypt_buffer
 *fill*         0x0000000008001bca        0x2 
 .text.main     0x0000000008001bcc       0x28 ./Core/Src/main.o
                0x0000000008001bcc                main
 .text.SystemClock_Config
                0x0000000008001bf4       0x8e ./Core/Src/main.o
                0x0000000008001bf4                SystemClock_Config
 *fill*         0x0000000008001c82        0x2 
 .text.MX_CAN_Init
                0x0000000008001c84       0xb8 ./Core/Src/main.o
 .text.MX_CRC_Init
                0x0000000008001d3c       0x28 ./Core/Src/main.o
 .text.MX_GPIO_Init
                0x0000000008001d64       0x98 ./Core/Src/main.o
 .text.Error_Handler
                0x0000000008001dfc        0xa ./Core/Src/main.o
                0x0000000008001dfc                Error_Handler
 *fill*         0x0000000008001e06        0x2 
 .text.HAL_MspInit
                0x0000000008001e08       0x44 ./Core/Src/stm32f1xx_hal_msp.o
                0x0000000008001e08                HAL_MspInit
 .text.HAL_CAN_MspInit
                0x0000000008001e4c       0x98 ./Core/Src/stm32f1xx_hal_msp.o
                0x0000000008001e4c                HAL_CAN_MspInit
 .text.HAL_CRC_MspInit
                0x0000000008001ee4       0x3c ./Core/Src/stm32f1xx_hal_msp.o
                0x0000000008001ee4                HAL_CRC_MspInit
 .text.NMI_Handler
                0x0000000008001f20        0x6 ./Core/Src/stm32f1xx_it.o
                0x0000000008001f20                NMI_Handler
 .text.HardFault_Handler
                0x0000000008001f26        0x6 ./Core/Src/stm32f1xx_it.o
                0x0000000008001f26                HardFault_Handler
 .text.MemManage_Handler
                0x0000000008001f2c        0x6 ./Core/Src/stm32f1xx_it.o
                0x0000000008001f2c                MemManage_Handler
 .text.BusFault_Handler
                0x0000000008001f32        0x6 ./Core/Src/stm32f1xx_it.o
                0x0000000008001f32                BusFault_Handler
 .text.UsageFault_Handler
                0x0000000008001f38        0x6 ./Core/Src/stm32f1xx_it.o
                0x0000000008001f38                UsageFault_Handler
 .text.SVC_Handler
                0x0000000008001f3e        0xc ./Core/Src/stm32f1xx_it.o
                0x0000000008001f3e                SVC_Handler
 .text.DebugMon_Handler
                0x0000000008001f4a        0xc ./Core/Src/stm32f1xx_it.o
                0x0000000008001f4a                DebugMon_Handler
 .text.PendSV_Handler
                0x0000000008001f56        0xc ./Core/Src/stm32f1xx_it.o
                0x0000000008001f56                PendSV_Handler
 .text.SysTick_Handler
                0x0000000008001f62        0xc ./Core/Src/stm32f1xx_it.o
                0x0000000008001f62                SysTick_Handler
 .text.SystemInit
                0x0000000008001f6e        0xc ./Core/Src/system_stm32f1xx.o
                0x0000000008001f6e                SystemInit
 *fill*         0x0000000008001f7a        0x2 
 .text.Reset_Handler
                0x0000000008001f7c       0x48 ./Core/Startup/startup_stm32f103c8tx.o
                0x0000000008001f7c                Reset_Handler
 .text.Default_Handler
                0x0000000008001fc4        0x2 ./Core/Startup/startup_stm32f103c8tx.o
                0x0000000008001fc4                RTC_Alarm_IRQHandler
                0x0000000008001fc4                EXTI2_IRQHandler
                0x0000000008001fc4                TIM1_CC_IRQHandler
                0x0000000008001fc4                PVD_IRQHandler
                0x0000000008001fc4                EXTI3_IRQHandler
                0x0000000008001fc4                EXTI0_IRQHandler
                0x0000000008001fc4                I2C2_EV_IRQHandler
                0x0000000008001fc4                ADC1_2_IRQHandler
                0x0000000008001fc4                SPI1_IRQHandler
                0x0000000008001fc4                TAMPER_IRQHandler
                0x0000000008001fc4                DMA1_Channel4_IRQHandler
                0x0000000008001fc4                USART3_IRQHandler
                0x0000000008001fc4                RTC_IRQHandler
                0x0000000008001fc4                DMA1_Channel7_IRQHandler
                0x0000000008001fc4                CAN1_RX1_IRQHandler
                0x0000000008001fc4                TIM4_IRQHandler
                0x0000000008001fc4                I2C1_EV_IRQHandler
                0x0000000008001fc4                DMA1_Channel6_IRQHandler
                0x0000000008001fc4                TIM3_IRQHandler
                0x0000000008001fc4                RCC_IRQHandler
                0x0000000008001fc4                TIM1_TRG_COM_IRQHandler
                0x0000000008001fc4                DMA1_Channel1_IRQHandler
                0x0000000008001fc4                Default_Handler
                0x0000000008001fc4                EXTI15_10_IRQHandler
                0x0000000008001fc4                EXTI9_5_IRQHandler
                0x0000000008001fc4                SPI2_IRQHandler
                0x0000000008001fc4                DMA1_Channel5_IRQHandler
                0x0000000008001fc4                EXTI4_IRQHandler
                0x0000000008001fc4                USB_LP_CAN1_RX0_IRQHandler
                0x0000000008001fc4                USB_HP_CAN1_TX_IRQHandler
                0x0000000008001fc4                DMA1_Channel3_IRQHandler
                0x0000000008001fc4                TIM1_UP_IRQHandler
                0x0000000008001fc4                WWDG_IRQHandler
                0x0000000008001fc4                TIM2_IRQHandler
                0x0000000008001fc4                TIM1_BRK_IRQHandler
                0x0000000008001fc4                EXTI1_IRQHandler
                0x0000000008001fc4                USART2_IRQHandler
                0x0000000008001fc4                I2C2_ER_IRQHandler
                0x0000000008001fc4                DMA1_Channel2_IRQHandler
                0x0000000008001fc4                CAN1_SCE_IRQHandler
                0x0000000008001fc4                FLASH_IRQHandler
                0x0000000008001fc4                USART1_IRQHandler
                0x0000000008001fc4                I2C1_ER_IRQHandler
                0x0000000008001fc4                USBWakeUp_IRQHandler
 *fill*         0x0000000008001fc6        0x2 
 .text.HAL_Init
                0x0000000008001fc8       0x2c ./Drivers/STM32F1xx_HAL_Driver/Src/stm32f1xx_hal.o
                0x0000000008001fc8                HAL_Init
 .text.HAL_DeInit
                0x0000000008001ff4       0x30 ./Drivers/STM32F1xx_HAL_Driver/Src/stm32f1xx_hal.o
                0x0000000008001ff4                HAL_DeInit
 .text.HAL_MspDeInit
                0x0000000008002024        0xc ./Drivers/STM32F1xx_HAL_Driver/Src/stm32f1xx_hal.o
                0x0000000008002024                HAL_MspDeInit
 .text.HAL_InitTick
                0x0000000008002030       0x60 ./Drivers/STM32F1xx_HAL_Driver/Src/stm32f1xx_hal.o
                0x0000000008002030                HAL_InitTick
 .text.HAL_IncTick
                0x0000000008002090       0x24 ./Drivers/STM32F1xx_HAL_Driver/Src/stm32f1xx_hal.o
                0x0000000008002090                HAL_IncTick
 .text.HAL_GetTick
                0x00000000080020b4       0x14 ./Drivers/STM32F1xx_HAL_Driver/Src/stm32f1xx_hal.o
                0x00000000080020b4                HAL_GetTick
 .text.HAL_CAN_Init
                0x00000000080020c8      0x1f6 ./Drivers/STM32F1xx_HAL_Driver/Src/stm32f1xx_hal_can.o
                0x00000000080020c8                HAL_CAN_Init
 .text.HAL_CAN_ConfigFilter
                0x00000000080022be      0x192 ./Drivers/STM32F1xx_HAL_Driver/Src/stm32f1xx_hal_can.o
                0x00000000080022be                HAL_CAN_ConfigFilter
 .text.HAL_CAN_Start
                0x0000000008002450       0x88 ./Drivers/STM32F1xx_HAL_Driver/Src/stm32f1xx_hal_can.o
                0x0000000008002450                HAL_CAN_Start
 .text.HAL_CAN_AddTxMessage
                0x00000000080024d8      0x19e ./Drivers/STM32F1xx_HAL_Driver/Src/stm32f1xx_hal_can.o
                0x00000000080024d8                HAL_CAN_AddTxMessage
 .text.HAL_CAN_GetRxMessage
                0x0000000008002676      0x242 ./Drivers/STM32F1xx_HAL_Driver/Src/stm32f1xx_hal_can.o
                0x0000000008002676                HAL_CAN_GetRxMessage
 .text.__NVIC_SetPriorityGrouping
                0x00000000080028b8       0x48 ./Drivers/STM32F1xx_HAL_Driver/Src/stm32f1xx_hal_cortex.o
 .text.__NVIC_GetPriorityGrouping
                0x0000000008002900       0x1c ./Drivers/STM32F1xx_HAL_Driver/Src/stm32f1xx_hal_cortex.o
 .text.__NVIC_SetPriority
                0x000000000800291c       0x54 ./Drivers/STM32F1xx_HAL_Driver/Src/stm32f1xx_hal_cortex.o
 .text.NVIC_EncodePriority
                0x0000000008002970       0x64 ./Drivers/STM32F1xx_HAL_Driver/Src/stm32f1xx_hal_cortex.o
 .text.SysTick_Config
                0x00000000080029d4       0x44 ./Drivers/STM32F1xx_HAL_Driver/Src/stm32f1xx_hal_cortex.o
 .text.HAL_NVIC_SetPriorityGrouping
                0x0000000008002a18       0x16 ./Drivers/STM32F1xx_HAL_Driver/Src/stm32f1xx_hal_cortex.o
                0x0000000008002a18                HAL_NVIC_SetPriorityGrouping
 .text.HAL_NVIC_SetPriority
                0x0000000008002a2e       0x38 ./Drivers/STM32F1xx_HAL_Driver/Src/stm32f1xx_hal_cortex.o
                0x0000000008002a2e                HAL_NVIC_SetPriority
 .text.HAL_SYSTICK_Config
                0x0000000008002a66       0x18 ./Drivers/STM32F1xx_HAL_Driver/Src/stm32f1xx_hal_cortex.o
                0x0000000008002a66                HAL_SYSTICK_Config
 .text.HAL_CRC_Init
                0x0000000008002a7e       0x38 ./Drivers/STM32F1xx_HAL_Driver/Src/stm32f1xx_hal_crc.o
                0x0000000008002a7e                HAL_CRC_Init
 .text.HAL_CRC_Calculate
                0x0000000008002ab6       0x64 ./Drivers/STM32F1xx_HAL_Driver/Src/stm32f1xx_hal_crc.o
                0x0000000008002ab6                HAL_CRC_Calculate
 *fill*         0x0000000008002b1a        0x2 
 .text.HAL_FLASH_Program
                0x0000000008002b1c       0xe0 ./Drivers/STM32F1xx_HAL_Driver/Src/stm32f1xx_hal_flash.o
                0x0000000008002b1c                HAL_FLASH_Program
 .text.HAL_FLASH_Unlock
                0x0000000008002bfc       0x4c ./Drivers/STM32F1xx_HAL_Driver/Src/stm32f1xx_hal_flash.o
                0x0000000008002bfc                HAL_FLASH_Unlock
 .text.HAL_FLASH_Lock
                0x0000000008002c48       0x20 ./Drivers/STM32F1xx_HAL_Driver/Src/stm32f1xx_hal_flash.o
                0x0000000008002c48                HAL_FLASH_Lock
 .text.FLASH_Program_HalfWord
                0x0000000008002c68       0x38 ./Drivers/STM32F1xx_HAL_Driver/Src/stm32f1xx_hal_flash.o
 .text.FLASH_WaitForLastOperation
                0x0000000008002ca0       0x8c ./Drivers/STM32F1xx_HAL_Driver/Src/stm32f1xx_hal_flash.o
                0x0000000008002ca0                FLASH_WaitForLastOperation
 .text.FLASH_SetErrorCode
                0x0000000008002d2c       0xa0 ./Drivers/STM32F1xx_HAL_Driver/Src/stm32f1xx_hal_flash.o
 .text.HAL_FLASHEx_Erase
                0x0000000008002dcc       0xd8 ./Drivers/STM32F1xx_HAL_Driver/Src/stm32f1xx_hal_flash_ex.o
                0x0000000008002dcc                HAL_FLASHEx_Erase
 .text.FLASH_MassErase
                0x0000000008002ea4       0x38 ./Drivers/STM32F1xx_HAL_Driver/Src/stm32f1xx_hal_flash_ex.o
 .text.FLASH_PageErase
                0x0000000008002edc       0x40 ./Drivers/STM32F1xx_HAL_Driver/Src/stm32f1xx_hal_flash_ex.o
                0x0000000008002edc                FLASH_PageErase
 .text.HAL_GPIO_Init
                0x0000000008002f1c      0x308 ./Drivers/STM32F1xx_HAL_Driver/Src/stm32f1xx_hal_gpio.o
                0x0000000008002f1c                HAL_GPIO_Init
 .text.HAL_GPIO_WritePin
                0x0000000008003224       0x30 ./Drivers/STM32F1xx_HAL_Driver/Src/stm32f1xx_hal_gpio.o
                0x0000000008003224                HAL_GPIO_WritePin
 .text.HAL_IWDG_Init
                0x0000000008003254       0x84 ./Drivers/STM32F1xx_HAL_Driver/Src/stm32f1xx_hal_iwdg.o
                0x0000000008003254                HAL_IWDG_Init
 .text.HAL_RCC_OscConfig
                0x00000000080032d8      0x504 ./Drivers/STM32F1xx_HAL_Driver/Src/stm32f1xx_hal_rcc.o
                0x00000000080032d8                HAL_RCC_OscConfig
 .text.HAL_RCC_ClockConfig
                0x00000000080037dc      0x1d4 ./Drivers/STM32F1xx_HAL_Driver/Src/stm32f1xx_hal_rcc.o
                0x00000000080037dc                HAL_RCC_ClockConfig
 .text.HAL_RCC_GetSysClockFreq
                0x00000000080039b0       0xa8 ./Drivers/STM32F1xx_HAL_Driver/Src/stm32f1xx_hal_rcc.o
                0x00000000080039b0                HAL_RCC_GetSysClockFreq
 .text.RCC_Delay
                0x0000000008003a58       0x3c ./Drivers/STM32F1xx_HAL_Driver/Src/stm32f1xx_hal_rcc.o
 .text.memset   0x0000000008003a94       0x10 C:/ST/STM32CubeIDE_1.13.1/STM32CubeIDE/plugins/com.st.stm32cube.ide.mcu.externaltools.gnu-tools-for-stm32.11.3.rel1.win32_1.1.0.202305231506/tools/bin/../lib/gcc/arm-none-eabi/11.3.1/../../../../arm-none-eabi/lib/thumb/v7-m/nofp\libc_nano.a(libc_a-memset.o)
                0x0000000008003a94                memset
 .text.__libc_init_array
                0x0000000008003aa4       0x48 C:/ST/STM32CubeIDE_1.13.1/STM32CubeIDE/plugins/com.st.stm32cube.ide.mcu.externaltools.gnu-tools-for-stm32.11.3.rel1.win32_1.1.0.202305231506/tools/bin/../lib/gcc/arm-none-eabi/11.3.1/../../../../arm-none-eabi/lib/thumb/v7-m/nofp\libc_nano.a(libc_a-init.o)
                0x0000000008003aa4                __libc_init_array
 .text.memcpy   0x0000000008003aec       0x1c C:/ST/STM32CubeIDE_1.13.1/STM32CubeIDE/plugins/com.st.stm32cube.ide.mcu.externaltools.gnu-tools-for-stm32.11.3.rel1.win32_1.1.0.202305231506/tools/bin/../lib/gcc/arm-none-eabi/11.3.1/../../../../arm-none-eabi/lib/thumb/v7-m/nofp\libc_nano.a(libc_a-memcpy-stub.o)
                0x0000000008003aec                memcpy
 *(.glue_7)
 .glue_7        0x0000000008003b08        0x0 linker stubs
 *(.glue_7t)
 .glue_7t       0x0000000008003b08        0x0 linker stubs
 *(.eh_frame)
 .eh_frame      0x0000000008003b08        0x0 C:/ST/STM32CubeIDE_1.13.1/STM32CubeIDE/plugins/com.st.stm32cube.ide.mcu.externaltools.gnu-tools-for-stm32.11.3.rel1.win32_1.1.0.202305231506/tools/bin/../lib/gcc/arm-none-eabi/11.3.1/thumb/v7-m/nofp/crtbegin.o
 *(.init)
 .init          0x0000000008003b08        0x4 C:/ST/STM32CubeIDE_1.13.1/STM32CubeIDE/plugins/com.st.stm32cube.ide.mcu.externaltools.gnu-tools-for-stm32.11.3.rel1.win32_1.1.0.202305231506/tools/bin/../lib/gcc/arm-none-eabi/11.3.1/thumb/v7-m/nofp/crti.o
                0x0000000008003b08                _init
 .init          0x0000000008003b0c        0x8 C:/ST/STM32CubeIDE_1.13.1/STM32CubeIDE/plugins/com.st.stm32cube.ide.mcu.externaltools.gnu-tools-for-stm32.11.3.rel1.win32_1.1.0.202305231506/tools/bin/../lib/gcc/arm-none-eabi/11.3.1/thumb/v7-m/nofp/crtn.o
 *(.fini)
 .fini          0x0000000008003b14        0x4 C:/ST/STM32CubeIDE_1.13.1/STM32CubeIDE/plugins/com.st.stm32cube.ide.mcu.externaltools.gnu-tools-for-stm32.11.3.rel1.win32_1.1.0.202305231506/tools/bin/../lib/gcc/arm-none-eabi/11.3.1/thumb/v7-m/nofp/crti.o
                0x0000000008003b14                _fini
 .fini          0x0000000008003b18        0x8 C:/ST/STM32CubeIDE_1.13.1/STM32CubeIDE/plugins/com.st.stm32cube.ide.mcu.externaltools.gnu-tools-for-stm32.11.3.rel1.win32_1.1.0.202305231506/tools/bin/../lib/gcc/arm-none-eabi/11.3.1/thumb/v7-m/nofp/crtn.o
                0x0000000008003b20                . = ALIGN (0x4)
                0x0000000008003b20                _etext = .

.vfp11_veneer   0x0000000008003b20        0x0
 .vfp11_veneer  0x0000000008003b20        0x0 linker stubs

.v4_bx          0x0000000008003b20        0x0
 .v4_bx         0x0000000008003b20        0x0 linker stubs

.iplt           0x0000000008003b20        0x0
 .iplt          0x0000000008003b20        0x0 C:/ST/STM32CubeIDE_1.13.1/STM32CubeIDE/plugins/com.st.stm32cube.ide.mcu.externaltools.gnu-tools-for-stm32.11.3.rel1.win32_1.1.0.202305231506/tools/bin/../lib/gcc/arm-none-eabi/11.3.1/thumb/v7-m/nofp/crtbegin.o

.rodata         0x0000000008003b20      0x230
                0x0000000008003b20                . = ALIGN (0x4)
 *(.rodata)
 *(.rodata*)
 .rodata.sbox   0x0000000008003b20      0x100 ./Core/Src/aes.o
 .rodata.rsbox  0x0000000008003c20      0x100 ./Core/Src/aes.o
 .rodata.Rcon   0x0000000008003d20        0xb ./Core/Src/aes.o
 *fill*         0x0000000008003d2b        0x1 
 .rodata.AHBPrescTable
                0x0000000008003d2c       0x10 ./Core/Src/system_stm32f1xx.o
                0x0000000008003d2c                AHBPrescTable
 .rodata.aPLLMULFactorTable.1
                0x0000000008003d3c       0x10 ./Drivers/STM32F1xx_HAL_Driver/Src/stm32f1xx_hal_rcc.o
 .rodata.aPredivFactorTable.0
                0x0000000008003d4c        0x2 ./Drivers/STM32F1xx_HAL_Driver/Src/stm32f1xx_hal_rcc.o
                0x0000000008003d50                . = ALIGN (0x4)
 *fill*         0x0000000008003d4e        0x2 

.rel.dyn        0x0000000008003d50        0x0
 .rel.iplt      0x0000000008003d50        0x0 C:/ST/STM32CubeIDE_1.13.1/STM32CubeIDE/plugins/com.st.stm32cube.ide.mcu.externaltools.gnu-tools-for-stm32.11.3.rel1.win32_1.1.0.202305231506/tools/bin/../lib/gcc/arm-none-eabi/11.3.1/thumb/v7-m/nofp/crtbegin.o

.ARM.extab      0x0000000008003d50        0x0
                0x0000000008003d50                . = ALIGN (0x4)
 *(.ARM.extab* .gnu.linkonce.armextab.*)
                0x0000000008003d50                . = ALIGN (0x4)

.ARM            0x0000000008003d50        0x0
                0x0000000008003d50                . = ALIGN (0x4)
                0x0000000008003d50                __exidx_start = .
 *(.ARM.exidx*)
                0x0000000008003d50                __exidx_end = .
                0x0000000008003d50                . = ALIGN (0x4)

.preinit_array  0x0000000008003d50        0x0
                0x0000000008003d50                . = ALIGN (0x4)
                0x0000000008003d50                PROVIDE (__preinit_array_start = .)
 *(.preinit_array*)
                0x0000000008003d50                PROVIDE (__preinit_array_end = .)
                0x0000000008003d50                . = ALIGN (0x4)

.init_array     0x0000000008003d50        0x4
                0x0000000008003d50                . = ALIGN (0x4)
                0x0000000008003d50                PROVIDE (__init_array_start = .)
 *(SORT_BY_NAME(.init_array.*))
 *(.init_array*)
 .init_array    0x0000000008003d50        0x4 C:/ST/STM32CubeIDE_1.13.1/STM32CubeIDE/plugins/com.st.stm32cube.ide.mcu.externaltools.gnu-tools-for-stm32.11.3.rel1.win32_1.1.0.202305231506/tools/bin/../lib/gcc/arm-none-eabi/11.3.1/thumb/v7-m/nofp/crtbegin.o
                0x0000000008003d54                PROVIDE (__init_array_end = .)
                0x0000000008003d54                . = ALIGN (0x4)

.fini_array     0x0000000008003d54        0x4
                0x0000000008003d54                . = ALIGN (0x4)
                [!provide]                        PROVIDE (__fini_array_start = .)
 *(SORT_BY_NAME(.fini_array.*))
 *(.fini_array*)
 .fini_array    0x0000000008003d54        0x4 C:/ST/STM32CubeIDE_1.13.1/STM32CubeIDE/plugins/com.st.stm32cube.ide.mcu.externaltools.gnu-tools-for-stm32.11.3.rel1.win32_1.1.0.202305231506/tools/bin/../lib/gcc/arm-none-eabi/11.3.1/thumb/v7-m/nofp/crtbegin.o
                [!provide]                        PROVIDE (__fini_array_end = .)
                0x0000000008003d58                . = ALIGN (0x4)
                0x0000000008003d58                _sidata = LOADADDR (.data)

.data           0x0000000020000000       0x2c load address 0x0000000008003d58
                0x0000000020000000                . = ALIGN (0x4)
                0x0000000020000000                _sdata = .
 *(.data)
 *(.data*)
 .data.AES_CBC_128_Key
                0x0000000020000000       0x10 ./Core/Src/BL_Program.o
                0x0000000020000000                AES_CBC_128_Key
 .data.AES_CBC_128_IV
                0x0000000020000010       0x10 ./Core/Src/BL_Program.o
                0x0000000020000010                AES_CBC_128_IV
 .data.SystemCoreClock
                0x0000000020000020        0x4 ./Core/Src/system_stm32f1xx.o
                0x0000000020000020                SystemCoreClock
 .data.uwTickPrio
                0x0000000020000024        0x4 ./Drivers/STM32F1xx_HAL_Driver/Src/stm32f1xx_hal.o
                0x0000000020000024                uwTickPrio
 .data.uwTickFreq
                0x0000000020000028        0x1 ./Drivers/STM32F1xx_HAL_Driver/Src/stm32f1xx_hal.o
                0x0000000020000028                uwTickFreq
 *(.RamFunc)
 *(.RamFunc*)
                0x000000002000002c                . = ALIGN (0x4)
 *fill*         0x0000000020000029        0x3 
                0x000000002000002c                _edata = .

.igot.plt       0x000000002000002c        0x0 load address 0x0000000008003d84
 .igot.plt      0x000000002000002c        0x0 C:/ST/STM32CubeIDE_1.13.1/STM32CubeIDE/plugins/com.st.stm32cube.ide.mcu.externaltools.gnu-tools-for-stm32.11.3.rel1.win32_1.1.0.202305231506/tools/bin/../lib/gcc/arm-none-eabi/11.3.1/thumb/v7-m/nofp/crtbegin.o
                0x000000002000002c                . = ALIGN (0x4)

.bss            0x0000000020000030       0xf0 load address 0x0000000008003d84
                0x0000000020000030                _sbss = .
                0x0000000020000030                __bss_start__ = _sbss
 *(.bss)
 .bss           0x0000000020000030       0x1c C:/ST/STM32CubeIDE_1.13.1/STM32CubeIDE/plugins/com.st.stm32cube.ide.mcu.externaltools.gnu-tools-for-stm32.11.3.rel1.win32_1.1.0.202305231506/tools/bin/../lib/gcc/arm-none-eabi/11.3.1/thumb/v7-m/nofp/crtbegin.o
 *(.bss*)
 .bss.hcan      0x000000002000004c       0x28 ./Core/Src/main.o
                0x000000002000004c                hcan
 .bss.hcrc      0x0000000020000074        0x8 ./Core/Src/main.o
                0x0000000020000074                hcrc
 .bss.hiwdg     0x000000002000007c        0xc ./Core/Src/main.o
                0x000000002000007c                hiwdg
 .bss.canfilterconfig
                0x0000000020000088       0x28 ./Core/Src/main.o
                0x0000000020000088                canfilterconfig
 .bss.TxHeader  0x00000000200000b0       0x18 ./Core/Src/main.o
                0x00000000200000b0                TxHeader
 .bss.RxHeader  0x00000000200000c8       0x1c ./Core/Src/main.o
                0x00000000200000c8                RxHeader
 .bss.TxData    0x00000000200000e4        0x8 ./Core/Src/main.o
                0x00000000200000e4                TxData
 .bss.RxData    0x00000000200000ec        0x8 ./Core/Src/main.o
                0x00000000200000ec                RxData
 .bss.TxMailbox
                0x00000000200000f4        0x4 ./Core/Src/main.o
                0x00000000200000f4                TxMailbox
 .bss.uwTick    0x00000000200000f8        0x4 ./Drivers/STM32F1xx_HAL_Driver/Src/stm32f1xx_hal.o
                0x00000000200000f8                uwTick
 *fill*         0x00000000200000fc        0x4 
 .bss.pFlash    0x0000000020000100       0x20 ./Drivers/STM32F1xx_HAL_Driver/Src/stm32f1xx_hal_flash.o
                0x0000000020000100                pFlash
 *(COMMON)
                0x0000000020000120                . = ALIGN (0x4)
                0x0000000020000120                _ebss = .
                0x0000000020000120                __bss_end__ = _ebss

._user_heap_stack
                0x0000000020000120      0x600 load address 0x0000000008003d84
                0x0000000020000120                . = ALIGN (0x8)
                [!provide]                        PROVIDE (end = .)
                0x0000000020000120                PROVIDE (_end = .)
                0x0000000020000320                . = (. + _Min_Heap_Size)
 *fill*         0x0000000020000120      0x200 
                0x0000000020000720                . = (. + _Min_Stack_Size)
 *fill*         0x0000000020000320      0x400 
                0x0000000020000720                . = ALIGN (0x8)

/DISCARD/
 libc.a(*)
 libm.a(*)
 libgcc.a(*)

.ARM.attributes
                0x0000000000000000       0x29
 *(.ARM.attributes)
 .ARM.attributes
                0x0000000000000000       0x1d C:/ST/STM32CubeIDE_1.13.1/STM32CubeIDE/plugins/com.st.stm32cube.ide.mcu.externaltools.gnu-tools-for-stm32.11.3.rel1.win32_1.1.0.202305231506/tools/bin/../lib/gcc/arm-none-eabi/11.3.1/thumb/v7-m/nofp/crti.o
 .ARM.attributes
                0x000000000000001d       0x2d C:/ST/STM32CubeIDE_1.13.1/STM32CubeIDE/plugins/com.st.stm32cube.ide.mcu.externaltools.gnu-tools-for-stm32.11.3.rel1.win32_1.1.0.202305231506/tools/bin/../lib/gcc/arm-none-eabi/11.3.1/thumb/v7-m/nofp/crtbegin.o
 .ARM.attributes
                0x000000000000004a       0x2d ./Core/Src/BL_Program.o
 .ARM.attributes
                0x0000000000000077       0x2d ./Core/Src/Can_Interface.o
 .ARM.attributes
                0x00000000000000a4       0x2d ./Core/Src/aes.o
 .ARM.attributes
                0x00000000000000d1       0x2d ./Core/Src/main.o
 .ARM.attributes
                0x00000000000000fe       0x2d ./Core/Src/stm32f1xx_hal_msp.o
 .ARM.attributes
                0x000000000000012b       0x2d ./Core/Src/stm32f1xx_it.o
 .ARM.attributes
                0x0000000000000158       0x2d ./Core/Src/system_stm32f1xx.o
 .ARM.attributes
                0x0000000000000185       0x21 ./Core/Startup/startup_stm32f103c8tx.o
 .ARM.attributes
                0x00000000000001a6       0x2d ./Drivers/STM32F1xx_HAL_Driver/Src/stm32f1xx_hal.o
 .ARM.attributes
                0x00000000000001d3       0x2d ./Drivers/STM32F1xx_HAL_Driver/Src/stm32f1xx_hal_can.o
 .ARM.attributes
                0x0000000000000200       0x2d ./Drivers/STM32F1xx_HAL_Driver/Src/stm32f1xx_hal_cortex.o
 .ARM.attributes
                0x000000000000022d       0x2d ./Drivers/STM32F1xx_HAL_Driver/Src/stm32f1xx_hal_crc.o
 .ARM.attributes
                0x000000000000025a       0x2d ./Drivers/STM32F1xx_HAL_Driver/Src/stm32f1xx_hal_flash.o
 .ARM.attributes
                0x0000000000000287       0x2d ./Drivers/STM32F1xx_HAL_Driver/Src/stm32f1xx_hal_flash_ex.o
 .ARM.attributes
                0x00000000000002b4       0x2d ./Drivers/STM32F1xx_HAL_Driver/Src/stm32f1xx_hal_gpio.o
 .ARM.attributes
                0x00000000000002e1       0x2d ./Drivers/STM32F1xx_HAL_Driver/Src/stm32f1xx_hal_iwdg.o
 .ARM.attributes
                0x000000000000030e       0x2d ./Drivers/STM32F1xx_HAL_Driver/Src/stm32f1xx_hal_rcc.o
 .ARM.attributes
                0x000000000000033b       0x2d C:/ST/STM32CubeIDE_1.13.1/STM32CubeIDE/plugins/com.st.stm32cube.ide.mcu.externaltools.gnu-tools-for-stm32.11.3.rel1.win32_1.1.0.202305231506/tools/bin/../lib/gcc/arm-none-eabi/11.3.1/../../../../arm-none-eabi/lib/thumb/v7-m/nofp\libc_nano.a(libc_a-memset.o)
 .ARM.attributes
                0x0000000000000368       0x2d C:/ST/STM32CubeIDE_1.13.1/STM32CubeIDE/plugins/com.st.stm32cube.ide.mcu.externaltools.gnu-tools-for-stm32.11.3.rel1.win32_1.1.0.202305231506/tools/bin/../lib/gcc/arm-none-eabi/11.3.1/../../../../arm-none-eabi/lib/thumb/v7-m/nofp\libc_nano.a(libc_a-init.o)
 .ARM.attributes
                0x0000000000000395       0x2d C:/ST/STM32CubeIDE_1.13.1/STM32CubeIDE/plugins/com.st.stm32cube.ide.mcu.externaltools.gnu-tools-for-stm32.11.3.rel1.win32_1.1.0.202305231506/tools/bin/../lib/gcc/arm-none-eabi/11.3.1/../../../../arm-none-eabi/lib/thumb/v7-m/nofp\libc_nano.a(libc_a-memcpy-stub.o)
 .ARM.attributes
                0x00000000000003c2       0x1d C:/ST/STM32CubeIDE_1.13.1/STM32CubeIDE/plugins/com.st.stm32cube.ide.mcu.externaltools.gnu-tools-for-stm32.11.3.rel1.win32_1.1.0.202305231506/tools/bin/../lib/gcc/arm-none-eabi/11.3.1/thumb/v7-m/nofp/crtn.o
OUTPUT(BootLoader_f103c8t6.elf elf32-littlearm)
LOAD linker stubs
LOAD C:/ST/STM32CubeIDE_1.13.1/STM32CubeIDE/plugins/com.st.stm32cube.ide.mcu.externaltools.gnu-tools-for-stm32.11.3.rel1.win32_1.1.0.202305231506/tools/bin/../lib/gcc/arm-none-eabi/11.3.1/../../../../arm-none-eabi/lib/thumb/v7-m/nofp\libc.a
LOAD C:/ST/STM32CubeIDE_1.13.1/STM32CubeIDE/plugins/com.st.stm32cube.ide.mcu.externaltools.gnu-tools-for-stm32.11.3.rel1.win32_1.1.0.202305231506/tools/bin/../lib/gcc/arm-none-eabi/11.3.1/../../../../arm-none-eabi/lib/thumb/v7-m/nofp\libm.a
LOAD C:/ST/STM32CubeIDE_1.13.1/STM32CubeIDE/plugins/com.st.stm32cube.ide.mcu.externaltools.gnu-tools-for-stm32.11.3.rel1.win32_1.1.0.202305231506/tools/bin/../lib/gcc/arm-none-eabi/11.3.1/thumb/v7-m/nofp\libgcc.a

.comment        0x0000000000000000       0x43
 .comment       0x0000000000000000       0x43 C:/ST/STM32CubeIDE_1.13.1/STM32CubeIDE/plugins/com.st.stm32cube.ide.mcu.externaltools.gnu-tools-for-stm32.11.3.rel1.win32_1.1.0.202305231506/tools/bin/../lib/gcc/arm-none-eabi/11.3.1/thumb/v7-m/nofp/crtbegin.o
                                         0x44 (size before relaxing)
 .comment       0x0000000000000043       0x44 ./Core/Src/BL_Program.o
 .comment       0x0000000000000043       0x44 ./Core/Src/Can_Interface.o
 .comment       0x0000000000000043       0x44 ./Core/Src/aes.o
 .comment       0x0000000000000043       0x44 ./Core/Src/main.o
 .comment       0x0000000000000043       0x44 ./Core/Src/stm32f1xx_hal_msp.o
 .comment       0x0000000000000043       0x44 ./Core/Src/stm32f1xx_it.o
 .comment       0x0000000000000043       0x44 ./Core/Src/system_stm32f1xx.o
 .comment       0x0000000000000043       0x44 ./Drivers/STM32F1xx_HAL_Driver/Src/stm32f1xx_hal.o
 .comment       0x0000000000000043       0x44 ./Drivers/STM32F1xx_HAL_Driver/Src/stm32f1xx_hal_can.o
 .comment       0x0000000000000043       0x44 ./Drivers/STM32F1xx_HAL_Driver/Src/stm32f1xx_hal_cortex.o
 .comment       0x0000000000000043       0x44 ./Drivers/STM32F1xx_HAL_Driver/Src/stm32f1xx_hal_crc.o
 .comment       0x0000000000000043       0x44 ./Drivers/STM32F1xx_HAL_Driver/Src/stm32f1xx_hal_flash.o
 .comment       0x0000000000000043       0x44 ./Drivers/STM32F1xx_HAL_Driver/Src/stm32f1xx_hal_flash_ex.o
 .comment       0x0000000000000043       0x44 ./Drivers/STM32F1xx_HAL_Driver/Src/stm32f1xx_hal_gpio.o
 .comment       0x0000000000000043       0x44 ./Drivers/STM32F1xx_HAL_Driver/Src/stm32f1xx_hal_iwdg.o
 .comment       0x0000000000000043       0x44 ./Drivers/STM32F1xx_HAL_Driver/Src/stm32f1xx_hal_rcc.o

.debug_info     0x0000000000000000     0x73d0
 .debug_info    0x0000000000000000      0xc4b ./Core/Src/BL_Program.o
 .debug_info    0x0000000000000c4b      0x870 ./Core/Src/Can_Interface.o
 .debug_info    0x00000000000014bb      0x672 ./Core/Src/aes.o
 .debug_info    0x0000000000001b2d      0xd3d ./Core/Src/main.o
 .debug_info    0x000000000000286a      0x815 ./Core/Src/stm32f1xx_hal_msp.o
 .debug_info    0x000000000000307f      0x113 ./Core/Src/stm32f1xx_it.o
 .debug_info    0x0000000000003192      0x222 ./Core/Src/system_stm32f1xx.o
 .debug_info    0x00000000000033b4       0x23 ./Core/Startup/startup_stm32f103c8tx.o
 .debug_info    0x00000000000033d7      0x704 ./Drivers/STM32F1xx_HAL_Driver/Src/stm32f1xx_hal.o
 .debug_info    0x0000000000003adb      0xf27 ./Drivers/STM32F1xx_HAL_Driver/Src/stm32f1xx_hal_can.o
 .debug_info    0x0000000000004a02      0xa87 ./Drivers/STM32F1xx_HAL_Driver/Src/stm32f1xx_hal_cortex.o
 .debug_info    0x0000000000005489      0x37f ./Drivers/STM32F1xx_HAL_Driver/Src/stm32f1xx_hal_crc.o
 .debug_info    0x0000000000005808      0x4f8 ./Drivers/STM32F1xx_HAL_Driver/Src/stm32f1xx_hal_flash.o
 .debug_info    0x0000000000005d00      0x777 ./Drivers/STM32F1xx_HAL_Driver/Src/stm32f1xx_hal_flash_ex.o
 .debug_info    0x0000000000006477      0x5ab ./Drivers/STM32F1xx_HAL_Driver/Src/stm32f1xx_hal_gpio.o
 .debug_info    0x0000000000006a22      0x1d9 ./Drivers/STM32F1xx_HAL_Driver/Src/stm32f1xx_hal_iwdg.o
 .debug_info    0x0000000000006bfb      0x7d5 ./Drivers/STM32F1xx_HAL_Driver/Src/stm32f1xx_hal_rcc.o

.debug_abbrev   0x0000000000000000     0x202d
 .debug_abbrev  0x0000000000000000      0x2cb ./Core/Src/BL_Program.o
 .debug_abbrev  0x00000000000002cb      0x1b5 ./Core/Src/Can_Interface.o
 .debug_abbrev  0x0000000000000480      0x202 ./Core/Src/aes.o
 .debug_abbrev  0x0000000000000682      0x2db ./Core/Src/main.o
 .debug_abbrev  0x000000000000095d      0x1f5 ./Core/Src/stm32f1xx_hal_msp.o
 .debug_abbrev  0x0000000000000b52       0x73 ./Core/Src/stm32f1xx_it.o
 .debug_abbrev  0x0000000000000bc5      0x13f ./Core/Src/system_stm32f1xx.o
 .debug_abbrev  0x0000000000000d04       0x12 ./Core/Startup/startup_stm32f103c8tx.o
 .debug_abbrev  0x0000000000000d16      0x201 ./Drivers/STM32F1xx_HAL_Driver/Src/stm32f1xx_hal.o
 .debug_abbrev  0x0000000000000f17      0x22d ./Drivers/STM32F1xx_HAL_Driver/Src/stm32f1xx_hal_can.o
 .debug_abbrev  0x0000000000001144      0x2f8 ./Drivers/STM32F1xx_HAL_Driver/Src/stm32f1xx_hal_cortex.o
 .debug_abbrev  0x000000000000143c      0x1b1 ./Drivers/STM32F1xx_HAL_Driver/Src/stm32f1xx_hal_crc.o
 .debug_abbrev  0x00000000000015ed      0x250 ./Drivers/STM32F1xx_HAL_Driver/Src/stm32f1xx_hal_flash.o
 .debug_abbrev  0x000000000000183d      0x247 ./Drivers/STM32F1xx_HAL_Driver/Src/stm32f1xx_hal_flash_ex.o
 .debug_abbrev  0x0000000000001a84      0x1ca ./Drivers/STM32F1xx_HAL_Driver/Src/stm32f1xx_hal_gpio.o
 .debug_abbrev  0x0000000000001c4e      0x12c ./Drivers/STM32F1xx_HAL_Driver/Src/stm32f1xx_hal_iwdg.o
 .debug_abbrev  0x0000000000001d7a      0x2b3 ./Drivers/STM32F1xx_HAL_Driver/Src/stm32f1xx_hal_rcc.o

.debug_aranges  0x0000000000000000      0x848
 .debug_aranges
                0x0000000000000000       0x88 ./Core/Src/BL_Program.o
 .debug_aranges
                0x0000000000000088       0x48 ./Core/Src/Can_Interface.o
 .debug_aranges
                0x00000000000000d0       0xa0 ./Core/Src/aes.o
 .debug_aranges
                0x0000000000000170       0x50 ./Core/Src/main.o
 .debug_aranges
                0x00000000000001c0       0x40 ./Core/Src/stm32f1xx_hal_msp.o
 .debug_aranges
                0x0000000000000200       0x60 ./Core/Src/stm32f1xx_it.o
 .debug_aranges
                0x0000000000000260       0x28 ./Core/Src/system_stm32f1xx.o
 .debug_aranges
                0x0000000000000288       0x28 ./Core/Startup/startup_stm32f103c8tx.o
 .debug_aranges
                0x00000000000002b0       0xe0 ./Drivers/STM32F1xx_HAL_Driver/Src/stm32f1xx_hal.o
 .debug_aranges
                0x0000000000000390      0x138 ./Drivers/STM32F1xx_HAL_Driver/Src/stm32f1xx_hal_can.o
 .debug_aranges
                0x00000000000004c8      0x100 ./Drivers/STM32F1xx_HAL_Driver/Src/stm32f1xx_hal_cortex.o
 .debug_aranges
                0x00000000000005c8       0x50 ./Drivers/STM32F1xx_HAL_Driver/Src/stm32f1xx_hal_crc.o
 .debug_aranges
                0x0000000000000618       0x88 ./Drivers/STM32F1xx_HAL_Driver/Src/stm32f1xx_hal_flash.o
 .debug_aranges
                0x00000000000006a0       0x98 ./Drivers/STM32F1xx_HAL_Driver/Src/stm32f1xx_hal_flash_ex.o
 .debug_aranges
                0x0000000000000738       0x58 ./Drivers/STM32F1xx_HAL_Driver/Src/stm32f1xx_hal_gpio.o
 .debug_aranges
                0x0000000000000790       0x28 ./Drivers/STM32F1xx_HAL_Driver/Src/stm32f1xx_hal_iwdg.o
 .debug_aranges
                0x00000000000007b8       0x90 ./Drivers/STM32F1xx_HAL_Driver/Src/stm32f1xx_hal_rcc.o

.debug_rnglists
                0x0000000000000000      0x611
 .debug_rnglists
                0x0000000000000000       0x67 ./Core/Src/BL_Program.o
 .debug_rnglists
                0x0000000000000067       0x34 ./Core/Src/Can_Interface.o
 .debug_rnglists
                0x000000000000009b       0x78 ./Core/Src/aes.o
 .debug_rnglists
                0x0000000000000113       0x3a ./Core/Src/main.o
 .debug_rnglists
                0x000000000000014d       0x2c ./Core/Src/stm32f1xx_hal_msp.o
 .debug_rnglists
                0x0000000000000179       0x43 ./Core/Src/stm32f1xx_it.o
 .debug_rnglists
                0x00000000000001bc       0x1a ./Core/Src/system_stm32f1xx.o
 .debug_rnglists
                0x00000000000001d6       0x19 ./Core/Startup/startup_stm32f103c8tx.o
 .debug_rnglists
                0x00000000000001ef       0xa3 ./Drivers/STM32F1xx_HAL_Driver/Src/stm32f1xx_hal.o
 .debug_rnglists
                0x0000000000000292       0xee ./Drivers/STM32F1xx_HAL_Driver/Src/stm32f1xx_hal_can.o
 .debug_rnglists
                0x0000000000000380       0xbb ./Drivers/STM32F1xx_HAL_Driver/Src/stm32f1xx_hal_cortex.o
 .debug_rnglists
                0x000000000000043b       0x37 ./Drivers/STM32F1xx_HAL_Driver/Src/stm32f1xx_hal_crc.o
 .debug_rnglists
                0x0000000000000472       0x66 ./Drivers/STM32F1xx_HAL_Driver/Src/stm32f1xx_hal_flash.o
 .debug_rnglists
                0x00000000000004d8       0x74 ./Drivers/STM32F1xx_HAL_Driver/Src/stm32f1xx_hal_flash_ex.o
 .debug_rnglists
                0x000000000000054c       0x3f ./Drivers/STM32F1xx_HAL_Driver/Src/stm32f1xx_hal_gpio.o
 .debug_rnglists
                0x000000000000058b       0x1a ./Drivers/STM32F1xx_HAL_Driver/Src/stm32f1xx_hal_iwdg.o
 .debug_rnglists
                0x00000000000005a5       0x6c ./Drivers/STM32F1xx_HAL_Driver/Src/stm32f1xx_hal_rcc.o

.debug_macro    0x0000000000000000    0x177b7
 .debug_macro   0x0000000000000000      0x1e0 ./Core/Src/BL_Program.o
 .debug_macro   0x00000000000001e0      0xa9c ./Core/Src/BL_Program.o
 .debug_macro   0x0000000000000c7c      0x221 ./Core/Src/BL_Program.o
 .debug_macro   0x0000000000000e9d       0x2e ./Core/Src/BL_Program.o
 .debug_macro   0x0000000000000ecb       0x22 ./Core/Src/BL_Program.o
 .debug_macro   0x0000000000000eed       0x22 ./Core/Src/BL_Program.o
 .debug_macro   0x0000000000000f0f       0x8e ./Core/Src/BL_Program.o
 .debug_macro   0x0000000000000f9d       0x51 ./Core/Src/BL_Program.o
 .debug_macro   0x0000000000000fee      0x103 ./Core/Src/BL_Program.o
 .debug_macro   0x00000000000010f1       0x6a ./Core/Src/BL_Program.o
 .debug_macro   0x000000000000115b      0x1df ./Core/Src/BL_Program.o
 .debug_macro   0x000000000000133a       0x1c ./Core/Src/BL_Program.o
 .debug_macro   0x0000000000001356       0x22 ./Core/Src/BL_Program.o
 .debug_macro   0x0000000000001378       0xbd ./Core/Src/BL_Program.o
 .debug_macro   0x0000000000001435      0xd23 ./Core/Src/BL_Program.o
 .debug_macro   0x0000000000002158     0xe09e ./Core/Src/BL_Program.o
 .debug_macro   0x00000000000101f6       0x6d ./Core/Src/BL_Program.o
 .debug_macro   0x0000000000010263     0x348d ./Core/Src/BL_Program.o
 .debug_macro   0x00000000000136f0      0x174 ./Core/Src/BL_Program.o
 .debug_macro   0x0000000000013864       0x5c ./Core/Src/BL_Program.o
 .debug_macro   0x00000000000138c0      0x5bc ./Core/Src/BL_Program.o
 .debug_macro   0x0000000000013e7c      0x289 ./Core/Src/BL_Program.o
 .debug_macro   0x0000000000014105      0x1cb ./Core/Src/BL_Program.o
 .debug_macro   0x00000000000142d0      0x114 ./Core/Src/BL_Program.o
 .debug_macro   0x00000000000143e4      0x1b2 ./Core/Src/BL_Program.o
 .debug_macro   0x0000000000014596       0x27 ./Core/Src/BL_Program.o
 .debug_macro   0x00000000000145bd      0x136 ./Core/Src/BL_Program.o
 .debug_macro   0x00000000000146f3      0x1bc ./Core/Src/BL_Program.o
 .debug_macro   0x00000000000148af       0x34 ./Core/Src/BL_Program.o
 .debug_macro   0x00000000000148e3       0x3c ./Core/Src/BL_Program.o
 .debug_macro   0x000000000001491f      0x408 ./Core/Src/BL_Program.o
 .debug_macro   0x0000000000014d27       0x57 ./Core/Src/BL_Program.o
 .debug_macro   0x0000000000014d7e       0x22 ./Core/Src/BL_Program.o
 .debug_macro   0x0000000000014da0       0x87 ./Core/Src/BL_Program.o
 .debug_macro   0x0000000000014e27      0x240 ./Core/Src/BL_Program.o
 .debug_macro   0x0000000000015067       0x78 ./Core/Src/BL_Program.o
 .debug_macro   0x00000000000150df      0x140 ./Core/Src/BL_Program.o
 .debug_macro   0x000000000001521f       0x83 ./Core/Src/BL_Program.o
 .debug_macro   0x00000000000152a2       0x10 ./Core/Src/BL_Program.o
 .debug_macro   0x00000000000152b2      0x238 ./Core/Src/BL_Program.o
 .debug_macro   0x00000000000154ea       0x16 ./Core/Src/BL_Program.o
 .debug_macro   0x0000000000015500       0x2e ./Core/Src/BL_Program.o
 .debug_macro   0x000000000001552e      0x1d3 ./Core/Src/Can_Interface.o
 .debug_macro   0x0000000000015701       0x10 ./Core/Src/Can_Interface.o
 .debug_macro   0x0000000000015711      0x170 ./Core/Src/aes.o
 .debug_macro   0x0000000000015881       0x5b ./Core/Src/aes.o
 .debug_macro   0x00000000000158dc       0x24 ./Core/Src/aes.o
 .debug_macro   0x0000000000015900       0x94 ./Core/Src/aes.o
 .debug_macro   0x0000000000015994       0x43 ./Core/Src/aes.o
 .debug_macro   0x00000000000159d7       0x34 ./Core/Src/aes.o
 .debug_macro   0x0000000000015a0b       0x16 ./Core/Src/aes.o
 .debug_macro   0x0000000000015a21       0x43 ./Core/Src/aes.o
 .debug_macro   0x0000000000015a64       0x57 ./Core/Src/aes.o
 .debug_macro   0x0000000000015abb       0x34 ./Core/Src/aes.o
 .debug_macro   0x0000000000015aef       0x10 ./Core/Src/aes.o
 .debug_macro   0x0000000000015aff       0x58 ./Core/Src/aes.o
 .debug_macro   0x0000000000015b57       0x8e ./Core/Src/aes.o
 .debug_macro   0x0000000000015be5       0x1c ./Core/Src/aes.o
 .debug_macro   0x0000000000015c01      0x177 ./Core/Src/aes.o
 .debug_macro   0x0000000000015d78      0x369 ./Core/Src/aes.o
 .debug_macro   0x00000000000160e1       0x10 ./Core/Src/aes.o
 .debug_macro   0x00000000000160f1       0x35 ./Core/Src/aes.o
 .debug_macro   0x0000000000016126       0x20 ./Core/Src/aes.o
 .debug_macro   0x0000000000016146      0x1c4 ./Core/Src/main.o
 .debug_macro   0x000000000001630a      0x1c4 ./Core/Src/stm32f1xx_hal_msp.o
 .debug_macro   0x00000000000164ce      0x1ce ./Core/Src/stm32f1xx_it.o
 .debug_macro   0x000000000001669c      0x1a2 ./Core/Src/system_stm32f1xx.o
 .debug_macro   0x000000000001683e      0x1c6 ./Drivers/STM32F1xx_HAL_Driver/Src/stm32f1xx_hal.o
 .debug_macro   0x0000000000016a04      0x1aa ./Drivers/STM32F1xx_HAL_Driver/Src/stm32f1xx_hal_can.o
 .debug_macro   0x0000000000016bae      0x1a2 ./Drivers/STM32F1xx_HAL_Driver/Src/stm32f1xx_hal_cortex.o
 .debug_macro   0x0000000000016d50      0x1a2 ./Drivers/STM32F1xx_HAL_Driver/Src/stm32f1xx_hal_crc.o
 .debug_macro   0x0000000000016ef2      0x1a2 ./Drivers/STM32F1xx_HAL_Driver/Src/stm32f1xx_hal_flash.o
 .debug_macro   0x0000000000017094      0x1b4 ./Drivers/STM32F1xx_HAL_Driver/Src/stm32f1xx_hal_flash_ex.o
 .debug_macro   0x0000000000017248      0x20d ./Drivers/STM32F1xx_HAL_Driver/Src/stm32f1xx_hal_gpio.o
 .debug_macro   0x0000000000017455      0x1ae ./Drivers/STM32F1xx_HAL_Driver/Src/stm32f1xx_hal_iwdg.o
 .debug_macro   0x0000000000017603      0x1b4 ./Drivers/STM32F1xx_HAL_Driver/Src/stm32f1xx_hal_rcc.o

.debug_line     0x0000000000000000     0xa710
 .debug_line    0x0000000000000000      0xca7 ./Core/Src/BL_Program.o
 .debug_line    0x0000000000000ca7      0x95b ./Core/Src/Can_Interface.o
 .debug_line    0x0000000000001602      0xd72 ./Core/Src/aes.o
 .debug_line    0x0000000000002374      0x854 ./Core/Src/main.o
 .debug_line    0x0000000000002bc8      0x794 ./Core/Src/stm32f1xx_hal_msp.o
 .debug_line    0x000000000000335c      0x7cb ./Core/Src/stm32f1xx_it.o
 .debug_line    0x0000000000003b27      0x778 ./Core/Src/system_stm32f1xx.o
 .debug_line    0x000000000000429f       0x78 ./Core/Startup/startup_stm32f103c8tx.o
 .debug_line    0x0000000000004317      0x9a5 ./Drivers/STM32F1xx_HAL_Driver/Src/stm32f1xx_hal.o
 .debug_line    0x0000000000004cbc     0x114c ./Drivers/STM32F1xx_HAL_Driver/Src/stm32f1xx_hal_can.o
 .debug_line    0x0000000000005e08      0xb8d ./Drivers/STM32F1xx_HAL_Driver/Src/stm32f1xx_hal_cortex.o
 .debug_line    0x0000000000006995      0x840 ./Drivers/STM32F1xx_HAL_Driver/Src/stm32f1xx_hal_crc.o
 .debug_line    0x00000000000071d5      0xa82 ./Drivers/STM32F1xx_HAL_Driver/Src/stm32f1xx_hal_flash.o
 .debug_line    0x0000000000007c57      0xb5d ./Drivers/STM32F1xx_HAL_Driver/Src/stm32f1xx_hal_flash_ex.o
 .debug_line    0x00000000000087b4      0xa3e ./Drivers/STM32F1xx_HAL_Driver/Src/stm32f1xx_hal_gpio.o
 .debug_line    0x00000000000091f2      0x770 ./Drivers/STM32F1xx_HAL_Driver/Src/stm32f1xx_hal_iwdg.o
 .debug_line    0x0000000000009962      0xdae ./Drivers/STM32F1xx_HAL_Driver/Src/stm32f1xx_hal_rcc.o

.debug_str      0x0000000000000000    0x839d1
 .debug_str     0x0000000000000000    0x7e582 ./Core/Src/BL_Program.o
                                      0x7e8f7 (size before relaxing)
 .debug_str     0x000000000007e582      0x3aa ./Core/Src/Can_Interface.o
                                      0x7e4ee (size before relaxing)
 .debug_str     0x000000000007e92c     0x333f ./Core/Src/aes.o
                                       0x73e0 (size before relaxing)
 .debug_str     0x0000000000081c6b      0x329 ./Core/Src/main.o
                                      0x7e7e7 (size before relaxing)
 .debug_str     0x0000000000081f94       0x80 ./Core/Src/stm32f1xx_hal_msp.o
                                      0x7e456 (size before relaxing)
 .debug_str     0x0000000000082014       0xc9 ./Core/Src/stm32f1xx_it.o
                                      0x7e065 (size before relaxing)
 .debug_str     0x00000000000820dd       0x7e ./Core/Src/system_stm32f1xx.o
                                      0x7d452 (size before relaxing)
 .debug_str     0x000000000008215b       0x34 ./Core/Startup/startup_stm32f103c8tx.o
                                         0x7a (size before relaxing)
 .debug_str     0x000000000008218f      0x5ee ./Drivers/STM32F1xx_HAL_Driver/Src/stm32f1xx_hal.o
                                      0x7db85 (size before relaxing)
 .debug_str     0x000000000008277d      0x42b ./Drivers/STM32F1xx_HAL_Driver/Src/stm32f1xx_hal_can.o
                                      0x7dc52 (size before relaxing)
 .debug_str     0x0000000000082ba8      0x239 ./Drivers/STM32F1xx_HAL_Driver/Src/stm32f1xx_hal_cortex.o
                                      0x7dad1 (size before relaxing)
 .debug_str     0x0000000000082de1       0x80 ./Drivers/STM32F1xx_HAL_Driver/Src/stm32f1xx_hal_crc.o
                                      0x7d594 (size before relaxing)
 .debug_str     0x0000000000082e61      0x25b ./Drivers/STM32F1xx_HAL_Driver/Src/stm32f1xx_hal_flash.o
                                      0x7d72d (size before relaxing)
 .debug_str     0x00000000000830bc      0x302 ./Drivers/STM32F1xx_HAL_Driver/Src/stm32f1xx_hal_flash_ex.o
                                      0x7d8db (size before relaxing)
 .debug_str     0x00000000000833be      0x305 ./Drivers/STM32F1xx_HAL_Driver/Src/stm32f1xx_hal_gpio.o
                                      0x7d7d8 (size before relaxing)
 .debug_str     0x00000000000836c3       0xe5 ./Drivers/STM32F1xx_HAL_Driver/Src/stm32f1xx_hal_iwdg.o
                                      0x7d514 (size before relaxing)
 .debug_str     0x00000000000837a8      0x229 ./Drivers/STM32F1xx_HAL_Driver/Src/stm32f1xx_hal_rcc.o
                                      0x7d881 (size before relaxing)

.debug_frame    0x0000000000000000     0x1f58
 .debug_frame   0x0000000000000000      0x210 ./Core/Src/BL_Program.o
 .debug_frame   0x0000000000000210       0xe8 ./Core/Src/Can_Interface.o
 .debug_frame   0x00000000000002f8      0x2a0 ./Core/Src/aes.o
 .debug_frame   0x0000000000000598       0xe0 ./Core/Src/main.o
 .debug_frame   0x0000000000000678       0xd0 ./Core/Src/stm32f1xx_hal_msp.o
 .debug_frame   0x0000000000000748      0x104 ./Core/Src/stm32f1xx_it.o
 .debug_frame   0x000000000000084c       0x58 ./Core/Src/system_stm32f1xx.o
 .debug_frame   0x00000000000008a4      0x334 ./Drivers/STM32F1xx_HAL_Driver/Src/stm32f1xx_hal.o
 .debug_frame   0x0000000000000bd8      0x5a0 ./Drivers/STM32F1xx_HAL_Driver/Src/stm32f1xx_hal_can.o
 .debug_frame   0x0000000000001178      0x428 ./Drivers/STM32F1xx_HAL_Driver/Src/stm32f1xx_hal_cortex.o
 .debug_frame   0x00000000000015a0      0x120 ./Drivers/STM32F1xx_HAL_Driver/Src/stm32f1xx_hal_crc.o
 .debug_frame   0x00000000000016c0      0x20c ./Drivers/STM32F1xx_HAL_Driver/Src/stm32f1xx_hal_flash.o
 .debug_frame   0x00000000000018cc      0x258 ./Drivers/STM32F1xx_HAL_Driver/Src/stm32f1xx_hal_flash_ex.o
 .debug_frame   0x0000000000001b24      0x14c ./Drivers/STM32F1xx_HAL_Driver/Src/stm32f1xx_hal_gpio.o
 .debug_frame   0x0000000000001c70       0x5c ./Drivers/STM32F1xx_HAL_Driver/Src/stm32f1xx_hal_iwdg.o
 .debug_frame   0x0000000000001ccc      0x218 ./Drivers/STM32F1xx_HAL_Driver/Src/stm32f1xx_hal_rcc.o
 .debug_frame   0x0000000000001ee4       0x20 C:/ST/STM32CubeIDE_1.13.1/STM32CubeIDE/plugins/com.st.stm32cube.ide.mcu.externaltools.gnu-tools-for-stm32.11.3.rel1.win32_1.1.0.202305231506/tools/bin/../lib/gcc/arm-none-eabi/11.3.1/../../../../arm-none-eabi/lib/thumb/v7-m/nofp\libc_nano.a(libc_a-memset.o)
 .debug_frame   0x0000000000001f04       0x2c C:/ST/STM32CubeIDE_1.13.1/STM32CubeIDE/plugins/com.st.stm32cube.ide.mcu.externaltools.gnu-tools-for-stm32.11.3.rel1.win32_1.1.0.202305231506/tools/bin/../lib/gcc/arm-none-eabi/11.3.1/../../../../arm-none-eabi/lib/thumb/v7-m/nofp\libc_nano.a(libc_a-init.o)
 .debug_frame   0x0000000000001f30       0x28 C:/ST/STM32CubeIDE_1.13.1/STM32CubeIDE/plugins/com.st.stm32cube.ide.mcu.externaltools.gnu-tools-for-stm32.11.3.rel1.win32_1.1.0.202305231506/tools/bin/../lib/gcc/arm-none-eabi/11.3.1/../../../../arm-none-eabi/lib/thumb/v7-m/nofp\libc_nano.a(libc_a-memcpy-stub.o)

.debug_line_str
                0x0000000000000000       0x6e
 .debug_line_str
                0x0000000000000000       0x6e ./Core/Startup/startup_stm32f103c8tx.o
                                         0x86 (size before relaxing)
